I'm sorry, but errors were detected in your script. Please correct the
errors listed below, and try again.


File "game/script.rpy", line 8: is not terminated with a newline. (Check strings and parenthesis.)
    define s = Character('Self', color = 

Ren'Py Version: Ren'Py 6.99.11.1749
